
  .   ____          _            __ _ _
 /\\ / ___'_ __ _ _(_)_ __  __ _ \ \ \ \
( ( )\___ | '_ | '_| | '_ \/ _` | \ \ \ \
 \\/  ___)| |_)| | | | | || (_| |  ) ) ) )
  '  |____| .__|_| |_|_| |_\__, | / / / /
 =========|_|==============|___/=/_/_/_/

 :: Spring Boot ::                (v4.0.5)

2026-04-22T15:51:10.954+02:00  INFO 230758 --- [backend] [           main] c.lecfantasy.backend.BackendApplication  : Starting BackendApplication v0.0.1-SNAPSHOT using Java 17.0.12 with PID 230758 (/home/santiherraizz/FantasyLEC/backend/target/backend-0.0.1-SNAPSHOT.jar started by santiherraizz in /home/santiherraizz/FantasyLEC)
2026-04-22T15:51:10.959+02:00  INFO 230758 --- [backend] [           main] c.lecfantasy.backend.BackendApplication  : The following 1 profile is active: "dev"
2026-04-22T15:51:11.767+02:00  INFO 230758 --- [backend] [           main] .s.d.r.c.RepositoryConfigurationDelegate : Bootstrapping Spring Data JPA repositories in DEFAULT mode.
2026-04-22T15:51:11.819+02:00  INFO 230758 --- [backend] [           main] .s.d.r.c.RepositoryConfigurationDelegate : Finished Spring Data repository scanning in 44 ms. Found 8 JPA repository interfaces.
2026-04-22T15:51:12.446+02:00  INFO 230758 --- [backend] [           main] o.s.boot.tomcat.TomcatWebServer          : Tomcat initialized with port 8080 (http)
2026-04-22T15:51:12.462+02:00  INFO 230758 --- [backend] [           main] o.apache.catalina.core.StandardService   : Starting service [Tomcat]
2026-04-22T15:51:12.463+02:00  INFO 230758 --- [backend] [           main] o.apache.catalina.core.StandardEngine    : Starting Servlet engine: [Apache Tomcat/11.0.20]
2026-04-22T15:51:12.492+02:00  INFO 230758 --- [backend] [           main] b.w.c.s.WebApplicationContextInitializer : Root WebApplicationContext: initialization completed in 1472 ms
2026-04-22T15:51:12.799+02:00  INFO 230758 --- [backend] [           main] org.hibernate.orm.jpa                    : HHH008540: Processing PersistenceUnitInfo [name: default]
2026-04-22T15:51:12.857+02:00  INFO 230758 --- [backend] [           main] org.hibernate.orm.core                   : HHH000001: Hibernate ORM core version 7.2.7.Final
2026-04-22T15:51:13.331+02:00  INFO 230758 --- [backend] [           main] o.s.o.j.p.SpringPersistenceUnitInfo      : No LoadTimeWeaver setup: ignoring JPA class transformer
2026-04-22T15:51:13.371+02:00  INFO 230758 --- [backend] [           main] com.zaxxer.hikari.HikariDataSource       : HikariPool-1 - Starting...
2026-04-22T15:51:13.460+02:00  INFO 230758 --- [backend] [           main] com.zaxxer.hikari.pool.HikariPool        : HikariPool-1 - Added connection org.mariadb.jdbc.Connection@3221588e
2026-04-22T15:51:13.462+02:00  INFO 230758 --- [backend] [           main] com.zaxxer.hikari.HikariDataSource       : HikariPool-1 - Start completed.
2026-04-22T15:51:13.518+02:00  INFO 230758 --- [backend] [           main] org.hibernate.orm.connections.pooling    : HHH10001005: Database info:
	Database JDBC URL [jdbc:mariadb://localhost:3307/lecfantasy?user=fantasy_user&password=***]
	Database driver: MariaDB Connector/J
	Database dialect: MariaDBDialect
	Database version: 10.11.16
	Default catalog/schema: lecfantasy/undefined
	Autocommit mode: undefined/unknown
	Isolation level: REPEATABLE_READ [default REPEATABLE_READ]
	JDBC fetch size: none
	Pool: DataSourceConnectionProvider
	Minimum pool size: undefined/unknown
	Maximum pool size: undefined/unknown
2026-04-22T15:51:14.284+02:00  INFO 230758 --- [backend] [           main] org.hibernate.orm.core                   : HHH000489: No JTA platform available (set 'hibernate.transaction.jta.platform' to enable JTA platform integration)
2026-04-22T15:51:14.345+02:00  INFO 230758 --- [backend] [           main] j.LocalContainerEntityManagerFactoryBean : Initialized JPA EntityManagerFactory for persistence unit 'default'
2026-04-22T15:51:14.404+02:00  INFO 230758 --- [backend] [           main] o.s.d.j.r.query.QueryEnhancerFactories   : Hibernate is in classpath; If applicable, HQL parser will be used.
2026-04-22T15:51:15.543+02:00  WARN 230758 --- [backend] [           main] .s.a.UserDetailsServiceAutoConfiguration : 

Using generated security password: e9468d1a-0527-4c18-ae4b-f60b17626795

This generated password is for development use only. Your security configuration must be updated before running your application in production.

2026-04-22T15:51:15.557+02:00  INFO 230758 --- [backend] [           main] r$InitializeUserDetailsManagerConfigurer : Global AuthenticationManager configured with UserDetailsService bean with name inMemoryUserDetailsManager
2026-04-22T15:51:16.130+02:00  INFO 230758 --- [backend] [           main] o.s.boot.tomcat.TomcatWebServer          : Tomcat started on port 8080 (http) with context path '/'
2026-04-22T15:51:16.152+02:00  INFO 230758 --- [backend] [           main] c.lecfantasy.backend.BackendApplication  : Started BackendApplication in 5.676 seconds (process running for 6.303)
2026-04-22T15:51:24.051+02:00  INFO 230758 --- [backend] [nio-8080-exec-1] o.a.c.c.C.[Tomcat].[localhost].[/]       : Initializing Spring DispatcherServlet 'dispatcherServlet'
2026-04-22T15:51:24.051+02:00  INFO 230758 --- [backend] [nio-8080-exec-1] o.s.web.servlet.DispatcherServlet        : Initializing Servlet 'dispatcherServlet'
2026-04-22T15:51:24.052+02:00  INFO 230758 --- [backend] [nio-8080-exec-1] o.s.web.servlet.DispatcherServlet        : Completed initialization in 1 ms
Hibernate: update partidos p1_0 set estadisticas_importadas=false
Hibernate: delete ep1_0 from estadisticas_partidos ep1_0
